[[1]]환경설정 변경
1. #vi /etc/named.conf
(1) linsten-on port 53 { any; }
(2) allow-query { any; }
(3) zone 영역설정 -> Foward 설정 (정방향 설정) / Reverse 설정 (역방향 설정)
zone 어쩌구 in 밑에다가 적기 
@@@@@@@@@@@@@@@@@@@@@@@@@@@@@@@@@@@@@@@@@
zone "linux.com" {
           type master;
           file "linux.zone";
          allow-update{ none; };
};
[root@localhost ~]# cd /var/named ㅡㅡ네임드접속
[root@localhost named]# ls
chroot  chroot_sdb  data  dynamic  dyndb-ldap  named.ca  named.empty  named.localhost  named.loopback  slaves
[root@localhost named]# cp named.localhost
cp: missing destination file operand after ‘named.localhost’
Try 'cp --help' for more information.
[root@localhost named]# cp named.localhost yahoo.zone
[root@localhost named]# vi yahoo.zone
[root@localhost named]# ip 주소를 내껄로

[[2]]
yahoo.zone 이라는 영역파일 생성
]#cd /var/named 
#cp named.localhost yahoo.zone

[[3]] 호스트파일에서 필요없는 내용삭제
#vi /etc/hosts

[[4]] 내가사용하는 네임서버 주소를 바꿈
테스트로 해놓은 yahoo설정은 지움
#vi /etc/resolv.conf

5. zone 파일 소유권 설정
# chown root.named /var/named/yahoo.zone

{서버재가종}
# service named restart

[확인]
#ping yahoo.com


ㅡㅡㅡㅡㅡㅡㅡㅡㅡㅡㅡㅡㅡㅡㅡㅡㅡㅡㅡㅡㅡㅡㅡㅡㅡㅡㅡ
[test@localhost ~]$ su -
Password: 
Last login: Mon Jul  3 23:47:05 PDT 2023 on pts/4
[root@localhost ~]# cd /var/named
[root@localhost named]# ls
chroot  chroot_sdb  data  dynamic  dyndb-ldap  named.ca  named.empty  named.localhost  named.loopback  slaves  yahoo.zone
[root@localhost named]# named.localhost
bash: named.localhost: command not found...
[root@localhost named]# vi /etc/named.conf
[root@localhost named]# vi /etc/named.conf
[root@localhost named]# pwd
/var/named
[root@localhost named]# cd /var/named
[root@localhost named]# ls
chroot  chroot_sdb  data  dynamic  dyndb-ldap  named.ca  named.empty  named.localhost  named.loopback  slaves  yahoo.zone
[root@localhost named]# cat named.localhost
$TTL 1D
@	IN SOA	@ rname.invalid. (
					0	; serial
					1D	; refresh
					1H	; retry
					1W	; expire
					3H )	; minimum
	NS	@
	A	127.0.0.1
	AAAA	::1
[root@localhost named]# vi named.localhost
[root@localhost named]# cat named.localhost
$TTL 1D
@	IN SOA	@ rname.invalid. (
					0	; serial
					1D	; refresh
					1H	; retry
					1W	; expire
					3H )	; minimum
	NS	@
	A	192.168.40.128
	AAAA	::1
[root@localhost named]# cp named.localhost yahoo.zone
cp: overwrite ‘yahoo.zone’? yes
[root@localhost named]# chown root.named /var/named/yahoo.zone
[root@localhost named]# ^C
[root@localhost named]# vi yahoo.zone


















 
ㅡㅡㅡㅡㅡㅡㅡㅡㅡㅡㅡㅡㅡㅡㅡㅡㅡㅡㅡㅡㅡㅡㅡㅡㅡㅡㅡㅡㅡㅡㅡㅡㅡㅡㅡㅡㅡㅡㅡㅡㅡ
3. zone 파일설정 -> #vi /var/named/linux.zone

 

@  IN  SOA   @    linux.com. (

                                   201653101 ; sec

                                   10800 ; 3H reflush

                                   3600 ; 1H retry

                                   43200 ;

                                   86400 )

           IN   A   192.168.1.15

           IN   MX   10   mail.linux.com.

ns   A  192.168.1.15

www  CNAME  ns

 

4. zone 파일 소유권설정

#chown root.named /var/named/linux.zone

 

5. #vi /etc/resolv.conf 에 네임서버 아이피 설정

6. #service named restart

7. #nslookup linux.com
